// Jest Snapshot v1, https://goo.gl/fbAQLP

exports[`LazyMainFlowScreen should render lazy about screen 1`] = `<div />`;
