// Jest Snapshot v1, https://goo.gl/fbAQLP

exports[`Header Text should renders correctly 1`] = `
<div>
  <script
    id="chakra-script"
  >
    !(function(){try{var a=function(c){var v="(prefers-color-scheme: dark)",h=window.matchMedia(v).matches?"dark":"light",r=c==="system"?h:c,o=document.documentElement,s=document.body,l="chakra-ui-light",d="chakra-ui-dark",i=r==="dark";return s.classList.add(i?d:l),s.classList.remove(i?l:d),o.style.colorScheme=r,o.dataset.theme=r,r},n=a,m="light",e="chakra-ui-color-mode",t=localStorage.getItem(e);t?a(t):localStorage.setItem(e,a(m))}catch(a){}})();
  </script>
  <a
    class="chakra-button css-1ozkr8m"
    href="/"
  >
    Amit Raikwar
  </a>
  <span
    hidden=""
    id="__chakra_env"
  />
</div>
`;
