// Jest Snapshot v1, https://goo.gl/fbAQLP

exports[`Tooltip buttons should renders correctly 1`] = `
<div>
  <div
    class="css-17grvme"
  >
    <button
      class="chakra-button css-1otrqxb"
      type="button"
    >
      Download CV
    </button>
    <button
      aria-label=""
      class="chakra-button css-1xjzpfp"
      type="button"
    >
      <svg
        class="w-6 h-6"
        fill="none"
        stroke="currentColor"
        stroke-width="1.5"
        viewBox="0 0 24 24"
        xmlns="http://www.w3.org/2000/svg"
      >
        <path
          d="m21 21-5.197-5.197m0 0A7.5 7.5 0 1 0 5.196 5.196a7.5 7.5 0 0 0 10.607 10.607Z"
          stroke-linecap="round"
          stroke-linejoin="round"
        />
      </svg>
    </button>
    <button
      aria-label="Search"
      class="chakra-button css-1xjzpfp"
      type="button"
    >
      <svg
        class="w-6 h-6"
        fill="none"
        stroke="currentColor"
        stroke-width="1.5"
        viewBox="0 0 24 24"
        xmlns="http://www.w3.org/2000/svg"
      >
        <path
          d="m21 21-5.197-5.197m0 0A7.5 7.5 0 1 0 5.196 5.196a7.5 7.5 0 0 0 10.607 10.607Z"
          stroke-linecap="round"
          stroke-linejoin="round"
        />
      </svg>
    </button>
    <button
      aria-label="Toggle dark mode"
      class="chakra-button css-1xjzpfp"
      type="button"
    >
      <svg
        class="w-6 h-6"
        fill="none"
        stroke="currentColor"
        stroke-width="1.5"
        viewBox="0 0 24 24"
        xmlns="http://www.w3.org/2000/svg"
      >
        <path
          d="M12 3v2.25m6.364.386-1.591 1.591M21 12h-2.25m-.386 6.364-1.591-1.591M12 18.75V21m-4.773-4.227-1.591 1.591M5.25 12H3m4.227-4.773L5.636 5.636M15.75 12a3.75 3.75 0 1 1-7.5 0 3.75 3.75 0 0 1 7.5 0Z"
          stroke-linecap="round"
          stroke-linejoin="round"
        />
      </svg>
    </button>
  </div>
</div>
`;
