// Jest Snapshot v1, https://goo.gl/fbAQLP

exports[`LazyProvider should sets and render child correctly 1`] = `
<div>
  <div>
    Test
  </div>
</div>
`;
