// Jest Snapshot v1, https://goo.gl/fbAQLP

exports[`Home should render correctly 1`] = `
<div>
  <script
    id="chakra-script"
  >
    !(function(){try{var a=function(c){var v="(prefers-color-scheme: dark)",h=window.matchMedia(v).matches?"dark":"light",r=c==="system"?h:c,o=document.documentElement,s=document.body,l="chakra-ui-light",d="chakra-ui-dark",i=r==="dark";return s.classList.add(i?d:l),s.classList.remove(i?l:d),o.style.colorScheme=r,o.dataset.theme=r,r},n=a,m="light",e="chakra-ui-color-mode",t=localStorage.getItem(e);t?a(t):localStorage.setItem(e,a(m))}catch(a){}})();
  </script>
  <div
    class="css-235qui"
  >
    <div
      class="css-15vhhhd"
    >
      <div
        class="css-11d69m5"
      >
        <p
          class="chakra-text css-3t2enw"
        >
          Hey there! My name is
        </p>
        <p
          class="chakra-text css-k99qrb"
        >
          Amit Raikwar
        </p>
        <span
          class="index-module_type__E-SaG"
          style="font-size: 2em; font-weight: bold; text-align: center; font-family: monospace; align-self: start;"
        />
      </div>
      <div
        class="css-3zuqv9"
      >
        <img
          alt="Illustration"
          class="chakra-image css-rdnx5m"
          loading="lazy"
          src="[object Object]"
        />
      </div>
    </div>
    <div
      class="css-m38xl5"
    >
      <p
        class="chakra-text css-5h1wpx"
      >
        I am a Software Engineer with 3 years of experience in building scalableðŸš€ and reliableðŸŽ¯ software applications. I am passionate about building products that solve real-life problems and have a positive impact on society. I am a quick learner and always eager to learn new technologies and tools. I am a team player and love to work in a collaborative environment.
      </p>
    </div>
    <div
      class="css-0"
    />
    <div
      class="css-m38xl5"
    >
      <p
        class="chakra-text css-1h1lvy8"
      >
        Â© 2024 Amit Raikwar. All rights reserved. Designed and developed by Amit Raikwar.
      </p>
    </div>
  </div>
  <span
    hidden=""
    id="__chakra_env"
  />
</div>
`;
