// Jest Snapshot v1, https://goo.gl/fbAQLP

exports[`Skills should render correctly 1`] = `
<div>
  <div
    class="css-0"
  >
    <p
      class="chakra-text css-0"
    >
      Skills
    </p>
  </div>
</div>
`;
